Switch>ena
Switch#conf t
Enter configuration commands, one per line.  End with CNTL/Z.
Switch(config)#
Switch(config)#int gig0/1
Switch(config-if)#switchport trunk mode
                                   ^
% Invalid input detected at '^' marker.
	
Switch(config-if)#switchport mode mode
                                  ^
% Invalid input detected at '^' marker.
	
Switch(config-if)#switchport mode trunk

Switch(config-if)#
%LINEPROTO-5-UPDOWN: Line protocol on Interface GigabitEthernet0/1, changed state to down

%LINEPROTO-5-UPDOWN: Line protocol on Interface GigabitEthernet0/1, changed state to up
exit 
Switch(config)#int
%LINK-3-UPDOWN: Interface FastEthernet0/2, changed state to down

%LINEPROTO-5-UPDOWN: Line protocol on Interface FastEthernet0/2, changed state to down

%LINK-5-CHANGED: Interface FastEthernet0/2, changed state to up

%LINEPROTO-5-UPDOWN: Line protocol on Interface FastEthernet0/2, changed state to up

% Incomplete command.
Switch(config)#int fa0/1
Switch(config-if)#switchport access vlan 30
% Access VLAN does not exist. Creating vlan 30
Switch(config-if)#int fa0/2
Switch(config-if)#switchport access vlan 40
% Access VLAN does not exist. Creating vlan 40
Switch(config-if)#switchport access vlan 40
Switch(config-if)#int fa0/3
Switch(config-if)#switchport access vlan 50
% Access VLAN does not exist. Creating vlan 50
Switch(config-if)#int fa0/4
Switch(config-if)#switchport access vlan 60
% Access VLAN does not exist. Creating vlan 60
Switch(config-if)#int fa0/5
Switch(config-if)#switchport access vlan 70
% Access VLAN does not exist. Creating vlan 70
Switch(config-if)#int fa0/6
Switch(config-if)#switchport access vlan 80
% Access VLAN does not exist. Creating vlan 80
Switch(config-if)#exit
Switch(config)#
Switch(config)#do copy run star 
Destination filename [startup-config]? 
Building configuration...
[OK]
Switch(config)#vlan 30
Switch(config-vlan)#name tic
Switch(config-vlan)#exit
Switch(config)#vlan 40
Switch(config-vlan)#name rh
Switch(config-vlan)#exit
Switch(config)#vlan 50
Switch(config-vlan)#name finaceiro
Switch(config-vlan)#exit
Switch(config)#vlan 60
Switch(config-vlan)#name marketing
Switch(config-vlan)#exit
Switch(config)#vlan 70
Switch(config-vlan)#name ens
Switch(config-vlan)#exit
Switch(config)#vlan 80
Switch(config-vlan)#name rec
Switch(config-vlan)#exit
Switch(config)#vlan 50
Switch(config-vlan)#name fin
Switch(config-vlan)#exit
Switch(config)#vlan 60
Switch(config-vlan)#name mar
Switch(config-vlan)#exit
Switch(config)#do copy run star 
Destination filename [startup-config]? 
Building configuration...
[OK]
Switch(config)#
Switch(config)#








Switch con0 is now available






Press RETURN to get started.


===========================







Switch con0 is now available






Press RETURN to get started.












Switch>enable
Switch#configure terminal
Enter configuration commands, one per line.  End with CNTL/Z.
Switch(config)#hostname Switch02
Switch02(config)#
Switch02(config)#end
Switch02#copy running-config startup-config
Destination filename [startup-config]? 
Building configuration...
[OK]
Switch02#
%SYS-5-CONFIG_I: Configured from console by console

Switch02#configure terminal
Enter configuration commands, one per line.  End with CNTL/Z.
Switch02(config)#hostname CORE
CORE(config)#
CORE(config)#end
CORE#copy running-config startup-config
Destination filename [startup-config]? 
Building configuration...
[OK]
CORE#
%SYS-5-CONFIG_I: Configured from console by console

CORE#copy running-config startup-config
Destination filename [startup-config]? 
Building configuration...
[OK]
CORE#%SPANTREE-2-RECV_PVID_ERR: Received 802.1Q BPDU on non trunk GigabitEthernet1/0/2 VLAN1.

%SPANTREE-2-BLOCK_PVID_LOCAL: Blocking GigabitEthernet1/0/2 on VLAN0001. Inconsistent port type.


%LINEPROTO-5-UPDOWN: Line protocol on Interface GigabitEthernet1/0/2, changed state to down

%LINEPROTO-5-UPDOWN: Line protocol on Interface GigabitEthernet1/0/2, changed state to up









CORE con0 is now available






Press RETURN to get started.












CORE>en 
CORE#conf t 
Enter configuration commands, one per line.  End with CNTL/Z.
CORE(config)#int vlan 30
CORE(config-if)# ip add 192.168.30.1 255.255.255.0
CORE(config-if)#ip routing
CORE(config)#exit
CORE#
%SYS-5-CONFIG_I: Configured from console by console

CORE#conf t 
Enter configuration commands, one per line.  End with CNTL/Z.
CORE(config)#int vlan 40
CORE(config-if)# ip add 192.168.40.1 255.255.255.0
CORE(config-if)#ip routing
CORE(config)#int vlan 50
CORE(config-if)# ip add 192.168.50.1 255.255.255.0
CORE(config-if)#ip routing
CORE(config)#int vlan 60
CORE(config-if)# ip add 192.168.60.1 255.255.255.0
CORE(config-if)#ip routing
CORE(config)#int vlan 70
CORE(config-if)# ip add 192.168.70.1 255.255.255.0
CORE(config-if)#ip routing
CORE(config)# ip add 192.168.80.1 255.255.255.0
                  ^
% Invalid input detected at '^' marker.
	
CORE(config)#int vlan 80
CORE(config-if)# ip add 192.168.80.1 255.255.255.0
CORE(config-if)#ip routing
CORE(config)#do copy run star 
Destination filename [startup-config]? 
Building configuration...
[OK]
CORE(config)#.
             ^
% Invalid input detected at '^' marker.
	
CORE(config)#vlan 30
CORE(config-vlan)#
%LINK-5-CHANGED: Interface Vlan30, changed state to up

%LINEPROTO-5-UPDOWN: Line protocol on Interface Vlan30, changed state to up

CORE(config-vlan)#name tic
CORE(config-vlan)#exit
CORE(config)#vlan 40
CORE(config-vlan)#
%LINK-5-CHANGED: Interface Vlan40, changed state to up

%LINEPROTO-5-UPDOWN: Line protocol on Interface Vlan40, changed state to up

CORE(config-vlan)#name rh
CORE(config-vlan)#exit
CORE(config)#vlan 50
CORE(config-vlan)#
%LINK-5-CHANGED: Interface Vlan50, changed state to up

%LINEPROTO-5-UPDOWN: Line protocol on Interface Vlan50, changed state to up

CORE(config-vlan)#vlan 60
CORE(config-vlan)#
%LINK-5-CHANGED: Interface Vlan60, changed state to up

%LINEPROTO-5-UPDOWN: Line protocol on Interface Vlan60, changed state to up
.
                  ^
% Invalid input detected at '^' marker.
	
CORE(config-vlan)#exit
CORE(config)#vlan 50
CORE(config-vlan)#name fin
CORE(config-vlan)#exit
CORE(config)#vlan 60
CORE(config-vlan)#name mar
CORE(config-vlan)#exit
CORE(config)#vlan 70
CORE(config-vlan)#
%LINK-5-CHANGED: Interface Vlan70, changed state to up

%LINEPROTO-5-UPDOWN: Line protocol on Interface Vlan70, changed state to up

CORE(config-vlan)#name ens
CORE(config-vlan)#exit
CORE(config)#vlan 80
CORE(config-vlan)#
%LINK-5-CHANGED: Interface Vlan80, changed state to up

%LINEPROTO-5-UPDOWN: Line protocol on Interface Vlan80, changed state to up

CORE(config-vlan)#name rec
CORE(config-vlan)#exit 
CORE(config)#do copyrun star 
copyrun star
        ^
% Invalid input detected at '^' marker.
	
CORE(config)#
CORE(config)#star 
              ^
% Invalid input detected at '^' marker.
	
CORE(config)#
CORE(config)#do copy run star 
Destination filename [startup-config]? 
Building configuration...
[OK]
CORE(config)#
CORE(config)#








